2026-09-09 18:24:40  INFO  ==================================================
2026-09-09 18:24:40  INFO  Inicio de actualización automática
2026-09-09 21:56:07  INFO  OK generar_dashboard.py — 36 líneas
2026-09-09 21:56:12  INFO  WARN generar_dashboard_v2.py:
C:\Users\jpinz390\AppData\Local\Python\pythoncore-3.14-64\Lib\site-packages\openpyxl\worksheet\_reader.py:329: UserWarning: Data Validation extension is not supported and will be removed
  warn(msg)

2026-09-09 21:59:49  INFO  ERROR push:
fatal: unable to access 'https://github.com/JuanPinzon-2026/Tablero-GDI.git/': Send failure: Connection was aborted

2026-09-09 21:59:49  INFO  Actualización completada
2026-09-09 22:27:56  INFO  ==================================================
2026-09-09 22:27:56  INFO  Inicio de actualización automática
2026-09-09 22:28:11  INFO  OK generar_dashboard.py — 36 líneas
2026-09-09 22:28:22  INFO  WARN generar_dashboard_v2.py:
C:\Users\jpinz390\AppData\Local\Python\pythoncore-3.14-64\Lib\site-packages\openpyxl\worksheet\_reader.py:329: UserWarning: Data Validation extension is not supported and will be removed
  warn(msg)

2026-09-09 22:28:36  INFO  OK push a GitHub Pages exitoso
2026-09-09 22:28:36  INFO  Actualización completada
2026-09-10 02:41:45  INFO  ==================================================
2026-09-10 02:41:45  INFO  Inicio de actualización automática
2026-09-10 02:41:54  INFO  OK generar_dashboard.py — 36 líneas
2026-09-10 02:42:00  INFO  WARN generar_dashboard_v2.py:
C:\Users\jpinz390\AppData\Local\Python\pythoncore-3.14-64\Lib\site-packages\openpyxl\worksheet\_reader.py:329: UserWarning: Data Validation extension is not supported and will be removed
  warn(msg)

2026-09-10 02:42:12  INFO  OK push a GitHub Pages exitoso
2026-09-10 02:42:12  INFO  Actualización completada
2026-09-10 02:44:01  INFO  ==================================================
2026-09-10 02:44:01  INFO  Inicio de actualización automática
2026-09-10 02:44:05  INFO  OK generar_dashboard.py — 36 líneas
2026-09-10 02:44:08  INFO  WARN generar_dashboard_v2.py:
C:\Users\jpinz390\AppData\Local\Python\pythoncore-3.14-64\Lib\site-packages\openpyxl\worksheet\_reader.py:329: UserWarning: Data Validation extension is not supported and will be removed
  warn(msg)

2026-09-10 02:44:17  INFO  OK push a GitHub Pages exitoso
2026-09-10 02:44:17  INFO  Actualización completada
2026-09-10 03:14:41  INFO  ==================================================
2026-09-10 03:14:41  INFO  Inicio de actualización automática
2026-09-10 09:14:04  INFO  ==================================================
2026-09-10 09:14:04  INFO  Inicio de actualización automática
2026-09-10 09:14:16  INFO  OK generar_dashboard.py — 36 líneas
2026-09-10 09:14:23  INFO  WARN generar_dashboard_v2.py:
C:\Users\jpinz390\AppData\Local\Python\pythoncore-3.14-64\Lib\site-packages\openpyxl\worksheet\_reader.py:329: UserWarning: Data Validation extension is not supported and will be removed
  warn(msg)

2026-09-10 09:14:34  INFO  OK push a GitHub Pages exitoso
2026-09-10 09:14:34  INFO  Actualización completada
2026-09-10 09:44:02  INFO  ==================================================
2026-09-10 09:44:02  INFO  Inicio de actualización automática
2026-09-10 09:44:09  INFO  OK generar_dashboard.py — 36 líneas
2026-09-10 09:44:15  INFO  WARN generar_dashboard_v2.py:
C:\Users\jpinz390\AppData\Local\Python\pythoncore-3.14-64\Lib\site-packages\openpyxl\worksheet\_reader.py:329: UserWarning: Data Validation extension is not supported and will be removed
  warn(msg)

2026-09-10 09:44:26  INFO  OK push a GitHub Pages exitoso
2026-09-10 09:44:26  INFO  Actualización completada
2026-09-10 10:14:02  INFO  ==================================================
2026-09-10 10:14:02  INFO  Inicio de actualización automática
2026-09-10 10:14:09  INFO  OK generar_dashboard.py — 36 líneas
2026-09-10 10:14:17  INFO  WARN generar_dashboard_v2.py:
C:\Users\jpinz390\AppData\Local\Python\pythoncore-3.14-64\Lib\site-packages\openpyxl\worksheet\_reader.py:329: UserWarning: Data Validation extension is not supported and will be removed
  warn(msg)

2026-09-10 10:14:27  INFO  OK push a GitHub Pages exitoso
2026-09-10 10:14:27  INFO  Actualización completada
2026-09-10 10:44:03  INFO  ==================================================
2026-09-10 10:44:03  INFO  Inicio de actualización automática
2026-09-10 10:44:08  INFO  OK generar_dashboard.py — 36 líneas
2026-09-10 10:44:19  INFO  WARN generar_dashboard_v2.py:
C:\Users\jpinz390\AppData\Local\Python\pythoncore-3.14-64\Lib\site-packages\openpyxl\worksheet\_reader.py:329: UserWarning: Data Validation extension is not supported and will be removed
  warn(msg)

2026-09-10 10:44:33  INFO  OK push a GitHub Pages exitoso
2026-09-10 10:44:33  INFO  Actualización completada
2026-09-10 11:14:02  INFO  ==================================================
2026-09-10 11:14:02  INFO  Inicio de actualización automática
2026-09-10 11:14:07  INFO  OK generar_dashboard.py — 36 líneas
2026-09-10 11:14:12  INFO  WARN generar_dashboard_v2.py:
C:\Users\jpinz390\AppData\Local\Python\pythoncore-3.14-64\Lib\site-packages\openpyxl\worksheet\_reader.py:329: UserWarning: Data Validation extension is not supported and will be removed
  warn(msg)

